undo on
# geometry.
create vertex -1 -1 -0.05
create vertex 1 -1 -0.05
create vertex 1 1 -0.05
create vertex -1 1 -0.05
create curve 1 2
create curve 2 3
create curve 3 4
create curve 4 1
create surface 1 2 3 4
sweep surface 1 direction z distance 0.05
block 1 volume 1
block 1 name "rear"
volume 1 copy move z 0.05
block 2 volume 2
block 2 name "front"
merge all surface
sideset 1 surface 11
sideset 2 surface 6
sideset 3 surface 4 9
sideset 4 surface 5 10
sideset 5 surface 2 7
sideset 6 surface 3 8
sideset 1 name "front"
sideset 2 name "rear"
sideset 3 name "lower"
sideset 4 name "left"
sideset 5 name "upper"
sideset 6 name "right"
# mesh.
volume 1 2 size 0.05
surface 6 4 9 5 10 scheme trimesh
mesh surface 6 4 9 5 10
copy mesh surface 6 onto surface 11 source curve 3 target curve 13 source vertex 4 target vertex 13 nosmoothing
copy mesh surface 6 onto surface 1 source curve 3 target curve 5 source vertex 4 target vertex 9 nosmoothing
copy mesh surface 4 onto surface 2 source vertex 12 target vertex 9
copy mesh surface 9 onto surface 7 source vertex 12 target vertex 9
copy mesh surface 5 onto surface 3 source vertex 9 target vertex 10
copy mesh surface 10 onto surface 8 source vertex 9 target vertex 10
volume 1 2 scheme tetmesh
mesh volume 1 2
# export.
undo group begin
set large exodus file off
export genesis "plate_t50mm.g" dimension 3 overwrite
undo group end
